// Jest Snapshot v1, https://goo.gl/fbAQLP

exports[`api creates callback 1`] = `
Object {
  "config": Object {
    "data": "{\\"dnis1\\":\\"+10000000000\\",\\"call_type\\":\\"callback\\",\\"language\\":5,\\"incident_id\\":[\\"199\\"]}",
    "headers": Object {
      "Accept": "application/json, text/plain, */*",
      "Content-Type": "application/json;charset=utf-8",
    },
    "maxContentLength": -1,
    "method": "post",
    "timeout": 0,
    "transformRequest": Array [
      [Function],
    ],
    "transformResponse": Array [
      [Function],
    ],
    "url": "/phone_outbound",
    "validateStatus": [Function],
    "xsrfCookieName": "XSRF-TOKEN",
    "xsrfHeaderName": "X-XSRF-TOKEN",
  },
  "data": undefined,
  "headers": undefined,
  "request": Object {
    "responseUrl": "/phone_outbound",
  },
  "status": 201,
}
`;

exports[`api resolves cases by number 1`] = `
Object {
  "ids": Array [
    0,
    1,
    3,
  ],
  "pdas": Array [
    1,
  ],
  "worksites": Array [
    1,
  ],
}
`;

exports[`api retrieves outbound by number 1`] = `
Array [
  Object {
    "id": 0,
    "pda": null,
    "phone_number": "+1234567890",
    "worksite": null,
  },
]
`;
